entrada 1
entrada 2
entrada 3
